src/hooks/useCategoryAlternatives.ts(410,26): error TS7006: Parameter 'p' implicitly has an 'any' type.
src/hooks/useCategoryAlternatives.ts(415,28): error TS7006: Parameter 'a' implicitly has an 'any' type.
src/hooks/useCategoryAlternatives.ts(415,31): error TS7006: Parameter 'b' implicitly has an 'any' type.
src/hooks/useCategoryAlternatives.ts(439,55): error TS7006: Parameter 'p' implicitly has an 'any' type.
src/hooks/useCategoryAlternatives.ts(440,58): error TS7006: Parameter 'p' implicitly has an 'any' type.
src/hooks/useEnhancedHealthierAlternatives.ts(473,25): error TS2322: Type 'IngredientQualityAnalysis | null' is not assignable to type 'IngredientQualityAnalysis | undefined'.
  Type 'null' is not assignable to type 'IngredientQualityAnalysis | undefined'.
src/services/EnhancedIngredientAnalysis.ts(173,9): error TS2345: Argument of type 'boolean | undefined' is not assignable to parameter of type 'boolean'.
  Type 'undefined' is not assignable to type 'boolean'.
src/services/EnhancedIngredientAnalysis.ts(184,9): error TS2322: Type 'boolean | undefined' is not assignable to type 'boolean'.
  Type 'undefined' is not assignable to type 'boolean'.
